./preproc/if/pass004.ds:2:2: info: "case #1"
 2 | #info "case #1"
   |  ^~~~
./preproc/if/pass004.ds:10:2: info: "case #4"
 10 | #info "case #4"
    |  ^~~~
./preproc/if/pass004.ds:20:2: info: "case #8"
 20 | #info "case #8"
    |  ^~~~
./preproc/if/pass004.ds:30:2: info: "case #12"
 30 | #info "case #12"
    |  ^~~~
./preproc/if/pass004.ds: info: warnings 0, errors 0
