./preproc/define/pass006.ds:2:1: debug: token
 2 | const a = SUM(1, 2);
   | ^~~~~
./preproc/define/pass006.ds:2:7: debug: id: a
 2 | const a = SUM(1, 2);
   |       ^
./preproc/define/pass006.ds:2:9: debug: token
 2 | const a = SUM(1, 2);
   |         ^
./preproc/define/pass006.ds:2:11: debug: token
 2 | const a = SUM(1, 2);
   |           ^~~~~~~~~
./preproc/define/pass006.dsh:1:19: note: expanded from macro `SUM`
 1 | #define SUM(a, b) ((a) + (b))
   |                   ^
./preproc/define/pass006.ds:2:11: debug: token
 2 | const a = SUM(1, 2);
   |           ^~~~~~~~~
./preproc/define/pass006.dsh:1:20: note: expanded from macro `SUM`
 1 | #define SUM(a, b) ((a) + (b))
   |                    ^
./preproc/define/pass006.ds:2:15: debug: integer number: 1
 2 | const a = SUM(1, 2);
   |               ^
./preproc/define/pass006.ds:2:11: debug: token
 2 | const a = SUM(1, 2);
   |           ^~~~~~~~~
./preproc/define/pass006.dsh:1:22: note: expanded from macro `SUM`
 1 | #define SUM(a, b) ((a) + (b))
   |                      ^
./preproc/define/pass006.ds:2:11: debug: token
 2 | const a = SUM(1, 2);
   |           ^~~~~~~~~
./preproc/define/pass006.dsh:1:24: note: expanded from macro `SUM`
 1 | #define SUM(a, b) ((a) + (b))
   |                        ^
./preproc/define/pass006.ds:2:11: debug: token
 2 | const a = SUM(1, 2);
   |           ^~~~~~~~~
./preproc/define/pass006.dsh:1:26: note: expanded from macro `SUM`
 1 | #define SUM(a, b) ((a) + (b))
   |                          ^
./preproc/define/pass006.ds:2:18: debug: integer number: 2
 2 | const a = SUM(1, 2);
   |                  ^
./preproc/define/pass006.ds:2:11: debug: token
 2 | const a = SUM(1, 2);
   |           ^~~~~~~~~
./preproc/define/pass006.dsh:1:28: note: expanded from macro `SUM`
 1 | #define SUM(a, b) ((a) + (b))
   |                            ^
./preproc/define/pass006.ds:2:11: debug: token
 2 | const a = SUM(1, 2);
   |           ^~~~~~~~~
./preproc/define/pass006.dsh:1:29: note: expanded from macro `SUM`
 1 | #define SUM(a, b) ((a) + (b))
   |                             ^
./preproc/define/pass006.ds:2:7: debug: defining constant `a`
 2 | const a = SUM(1, 2);
   |       ^
./preproc/define/pass006.ds:2:20: debug: token
 2 | const a = SUM(1, 2);
   |                    ^
./preproc/define/pass006.ds: info: warnings 0, errors 0
