./expr/pass006.ds:4:7: debug: defining variable `m`
 4 |   let m = if x > y { x } else { y }; m
   |       ^
./expr/pass006.ds:3:1: debug: function `func f(i32, i32) -> i32` definition
 3 | func f(x : int, y : int) -> int {
   | ^~~~~~~~~~~~~~~~~~~~~~~~~~~~~~~
./expr/pass006.ds:7:1: debug: function `func g(i32, i32)` definition
 7 | func g(x : int, y : int) {
   | ^~~~~~~~~~~~~~~~~~~~~~~~
./expr/pass006.ds: info: warnings 0, errors 0
